<html>
<body>
<pre>
<h1>µVision Build Log</h1>
<h2>Tool Versions:</h2>
IDE-Version: µVision V5.22.0.0
Copyright (C) 2016 ARM Ltd and ARM Germany GmbH. All rights reserved.
License Information: Çiçek Abbas, -, LIC=FQQ63-A1CWF-QFKIY-I35R0-91MVC-V6PJ4
 
Tool Versions:
Toolchain:       MDK-ARM Professional  Version: 5.22
Toolchain Path:  C:\Keil_v5\ARM\ARMCC\Bin
C Compiler:      Armcc.exe V5.06 update 4 (build 422)
Assembler:       Armasm.exe V5.06 update 4 (build 422)
Linker/Locator:  ArmLink.exe V5.06 update 4 (build 422)
Library Manager: ArmAr.exe V5.06 update 4 (build 422)
Hex Converter:   FromElf.exe V5.06 update 4 (build 422)
CPU DLL:         SARMCM3.DLL V5.22
Dialog DLL:      DARMCM1.DLL V1.15.0.0
Target DLL:      STLink\ST-LINKIII-KEIL_SWO.dll V2.0.18.0
Dialog DLL:      TARMCM1.DLL V1.11.0.0
 
<h2>Project:</h2>
\\VBOXSVR\VM_paylasilan\syborg\STM32F0x0\syb-org\uart_blocking_mode\MDK-ARM\uart_blocking_mode.uvprojx
Project File Date:  12/18/2016

<h2>Output:</h2>
*** Using Compiler 'V5.06 update 4 (build 422)', folder: 'C:\Keil_v5\ARM\ARMCC\Bin'
Build target 'uart_blocking_mode'
compiling main.c...
../Src/main.c(321): warning:  #167-D: argument of type "uint8_t *" is incompatible with parameter of type "const char *"
        if(!strcmp((uint8_t *)&buffer,(uint8_t*)&led1_on))
../Src/main.c(321): warning:  #167-D: argument of type "uint8_t *" is incompatible with parameter of type "const char *"
        if(!strcmp((uint8_t *)&buffer,(uint8_t*)&led1_on))
../Src/main.c(326): warning:  #167-D: argument of type "uint8_t *" is incompatible with parameter of type "const char *"
        if(!strcmp((uint8_t *)&buffer,(uint8_t *)&led1_off))
../Src/main.c(326): warning:  #167-D: argument of type "uint8_t *" is incompatible with parameter of type "const char *"
        if(!strcmp((uint8_t *)&buffer,(uint8_t *)&led1_off))
../Src/main.c(331): warning:  #167-D: argument of type "uint8_t *" is incompatible with parameter of type "const char *"
        if(!strcmp((uint8_t *)&buffer,(uint8_t *)&led2_on))
../Src/main.c(331): warning:  #167-D: argument of type "uint8_t *" is incompatible with parameter of type "const char *"
        if(!strcmp((uint8_t *)&buffer,(uint8_t *)&led2_on))
../Src/main.c(336): warning:  #167-D: argument of type "uint8_t *" is incompatible with parameter of type "const char *"
        if(!strcmp((uint8_t *)&buffer,(uint8_t *)&led2_off))
../Src/main.c(336): warning:  #167-D: argument of type "uint8_t *" is incompatible with parameter of type "const char *"
        if(!strcmp((uint8_t *)&buffer,(uint8_t *)&led2_off))
../Src/main.c(319): warning:  #177-D: variable "i"  was declared but never referenced
        int i=0,cnt=0;
../Src/main.c(319): warning:  #177-D: variable "cnt"  was declared but never referenced
        int i=0,cnt=0;
../Src/main.c(355): warning:  #167-D: argument of type "volatile uint8_t *" is incompatible with parameter of type "uint8_t *"
                check_command(buffer);
../Src/main.c: 11 warnings, 0 errors
linking...
Program Size: Code=8184 RO-data=348 RW-data=136 ZI-data=4560  
"uart_blocking_mode\uart_blocking_mode.axf" - 0 Error(s), 11 Warning(s).

<h2>Software Packages used:</h2>

Package Vendor: ARM
                http://www.keil.com/pack/ARM.CMSIS.5.0.0.pack
                ARM::CMSIS:CORE:5.0.0
                CMSIS (Cortex Microcontroller Software Interface Standard)
   * Component: CORE Version: 5.0.0

<h2>Collection of Component include folders:</h2>
  \\VBOXSVR\VM_paylasilan\syborg\STM32F0x0\syb-org\uart_blocking_mode\MDK-ARM\RTE\_uart_blocking_mode
  C:\Keil_v5\ARM\PACK\ARM\CMSIS\5.0.0\CMSIS\Include
  C:\Keil_v5\ARM\PACK\Keil\STM32F0xx_DFP\1.5.0\Device\Include

<h2>Collection of Component Files used:</h2>

   * Component: ARM::CMSIS:CORE:5.0.0
Build Time Elapsed:  00:00:04
</pre>
</body>
</html>
